2026/06/07 17:37:03:439  Freemium version
2026/06/07 17:37:03:470  Setting trialExpirationDate was written with value 2026-07-05 23:58:17 +0000
2026/06/07 17:37:03:471  Setting fullVersionUnlocked was written with value false
2026/06/07 17:37:03:471  Setting hasRunningSubscription was written with value false
2026/06/07 17:37:03:544  Setting trialExpirationDate was written with value 2026-07-05 23:58:17 +0000
2026/06/07 17:37:03:544  Setting fullVersionUnlocked was written with value false
2026/06/07 17:37:03:544  Setting hasRunningSubscription was written with value false
2026/06/07 17:37:03:706  Vault E254E79B-032E-4C19-9C20-288F83EF4454 unlock status: Locked
2026/06/07 17:37:03:706  Vault E254E79B-032E-4C19-9C20-288F83EF4454 unlock status: Locked
2026/06/07 17:37:06:539  Setting trialExpirationDate was written with value 2026-07-05 23:58:17 +0000
2026/06/07 17:37:06:539  Setting fullVersionUnlocked was written with value false
2026/06/07 17:37:06:539  Setting hasRunningSubscription was written with value false
2026/06/07 17:38:56:147  Vault E254E79B-032E-4C19-9C20-288F83EF4454 unlock status: Locked
2026/06/07 17:38:56:550  Setting trialExpirationDate was written with value 2026-07-05 23:58:17 +0000
2026/06/07 17:38:56:550  Setting fullVersionUnlocked was written with value false
2026/06/07 17:38:56:550  Setting hasRunningSubscription was written with value false
2026/06/07 17:40:05:239  Vault E254E79B-032E-4C19-9C20-288F83EF4454 unlock status: Locked
2026/06/07 17:40:05:653  Setting trialExpirationDate was written with value 2026-07-05 23:58:17 +0000
2026/06/07 17:40:05:653  Setting fullVersionUnlocked was written with value false
2026/06/07 17:40:05:653  Setting hasRunningSubscription was written with value false
2026/06/07 17:40:09:745  Vault E254E79B-032E-4C19-9C20-288F83EF4454 unlock status: Locked
2026/06/07 17:42:21:922  Vault E254E79B-032E-4C19-9C20-288F83EF4454 unlock status: Locked
2026/06/07 17:42:22:198  Setting trialExpirationDate was written with value 2026-07-05 23:58:17 +0000
2026/06/07 17:42:22:198  Setting fullVersionUnlocked was written with value false
2026/06/07 17:42:22:198  Setting hasRunningSubscription was written with value false
2026/06/07 17:42:25:180  Setting trialExpirationDate was written with value 2026-07-05 23:58:17 +0000
2026/06/07 17:42:25:180  Setting fullVersionUnlocked was written with value false
2026/06/07 17:42:25:180  Setting hasRunningSubscription was written with value false
2026/06/07 18:42:31:225  Vault E254E79B-032E-4C19-9C20-288F83EF4454 unlock status: Locked
2026/06/07 18:42:31:455  Setting trialExpirationDate was written with value 2026-07-05 23:58:17 +0000
2026/06/07 18:42:31:455  Setting fullVersionUnlocked was written with value false
2026/06/07 18:42:31:455  Setting hasRunningSubscription was written with value false
2026/06/08 00:29:30:910  Freemium version
2026/06/08 00:29:30:945  Setting trialExpirationDate was written with value 2026-07-05 23:58:17 +0000
2026/06/08 00:29:30:945  Setting fullVersionUnlocked was written with value false
2026/06/08 00:29:30:945  Setting hasRunningSubscription was written with value false
2026/06/08 00:29:31:070  Setting trialExpirationDate was written with value 2026-07-05 23:58:17 +0000
2026/06/08 00:29:31:070  Setting fullVersionUnlocked was written with value false
2026/06/08 00:29:31:070  Setting hasRunningSubscription was written with value false
2026/06/08 00:29:31:191  Vault E254E79B-032E-4C19-9C20-288F83EF4454 unlock status: Locked
2026/06/08 00:29:31:191  Vault E254E79B-032E-4C19-9C20-288F83EF4454 unlock status: Locked
2026/06/08 00:30:19:574  Vault E254E79B-032E-4C19-9C20-288F83EF4454 unlock status: Locked
2026/06/08 00:30:19:967  Setting trialExpirationDate was written with value 2026-07-05 23:58:17 +0000
2026/06/08 00:30:19:968  Setting fullVersionUnlocked was written with value false
2026/06/08 00:30:19:968  Setting hasRunningSubscription was written with value false
2026/06/08 00:30:43:755  Vault E254E79B-032E-4C19-9C20-288F83EF4454 unlock status: Locked
2026/06/08 00:30:44:168  Setting trialExpirationDate was written with value 2026-07-05 23:58:17 +0000
2026/06/08 00:30:44:168  Setting fullVersionUnlocked was written with value false
2026/06/08 00:30:44:168  Setting hasRunningSubscription was written with value false
2026/06/08 00:30:44:821  Vault E254E79B-032E-4C19-9C20-288F83EF4454 unlock status: Locked
2026/06/08 00:30:45:485  Setting trialExpirationDate was written with value 2026-07-05 23:58:17 +0000
2026/06/08 00:30:45:485  Setting fullVersionUnlocked was written with value false
2026/06/08 00:30:45:485  Setting hasRunningSubscription was written with value false
2026/06/08 00:34:04:791  Vault E254E79B-032E-4C19-9C20-288F83EF4454 unlock status: Locked
2026/06/08 00:34:04:992  Setting trialExpirationDate was written with value 2026-07-05 23:58:17 +0000
2026/06/08 00:34:04:992  Setting fullVersionUnlocked was written with value false
2026/06/08 00:34:04:992  Setting hasRunningSubscription was written with value false
2026/06/08 00:34:24:818  Vault E254E79B-032E-4C19-9C20-288F83EF4454 unlock status: Locked
2026/06/08 00:34:25:050  Setting trialExpirationDate was written with value 2026-07-05 23:58:17 +0000
2026/06/08 00:34:25:050  Setting fullVersionUnlocked was written with value false
2026/06/08 00:34:25:050  Setting hasRunningSubscription was written with value false
2026/06/08 00:34:32:536  Vault E254E79B-032E-4C19-9C20-288F83EF4454 unlock status: Locked
2026/06/08 00:34:32:741  Setting trialExpirationDate was written with value 2026-07-05 23:58:17 +0000
2026/06/08 00:34:32:741  Setting fullVersionUnlocked was written with value false
2026/06/08 00:34:32:741  Setting hasRunningSubscription was written with value false
2026/06/08 00:34:46:129  Setting trialExpirationDate was written with value 2026-07-05 23:58:17 +0000
2026/06/08 00:34:46:129  Setting fullVersionUnlocked was written with value false
2026/06/08 00:34:46:130  Setting hasRunningSubscription was written with value false
2026/06/08 00:34:49:654  Setting trialExpirationDate was written with value 2026-07-05 23:58:17 +0000
2026/06/08 00:34:49:654  Setting fullVersionUnlocked was written with value false
2026/06/08 00:34:49:654  Setting hasRunningSubscription was written with value false
2026/06/08 00:35:06:267  Vault E254E79B-032E-4C19-9C20-288F83EF4454 unlock status: Locked
2026/06/08 00:35:06:515  Setting trialExpirationDate was written with value 2026-07-05 23:58:17 +0000
2026/06/08 00:35:06:515  Setting fullVersionUnlocked was written with value false
2026/06/08 00:35:06:515  Setting hasRunningSubscription was written with value false
2026/06/08 00:35:31:251  Vault E254E79B-032E-4C19-9C20-288F83EF4454 unlock status: Locked
2026/06/08 00:35:31:483  Setting trialExpirationDate was written with value 2026-07-05 23:58:17 +0000
2026/06/08 00:35:31:483  Setting fullVersionUnlocked was written with value false
2026/06/08 00:35:31:483  Setting hasRunningSubscription was written with value false
2026/06/08 00:35:37:334  Error: validationFailed
2026/06/08 00:35:44:162  Vault E254E79B-032E-4C19-9C20-288F83EF4454 unlock status: Locked
2026/06/08 00:35:44:385  Setting trialExpirationDate was written with value 2026-07-05 23:58:17 +0000
2026/06/08 00:35:44:385  Setting fullVersionUnlocked was written with value false
2026/06/08 00:35:44:385  Setting hasRunningSubscription was written with value false
2026/06/08 00:39:35:350  Vault E254E79B-032E-4C19-9C20-288F83EF4454 unlock status: Locked
2026/06/08 00:39:35:529  Setting trialExpirationDate was written with value 2026-07-05 23:58:17 +0000
2026/06/08 00:39:35:529  Setting fullVersionUnlocked was written with value false
2026/06/08 00:39:35:529  Setting hasRunningSubscription was written with value false
2026/06/08 00:39:39:635  Setting trialExpirationDate was written with value 2026-07-05 23:58:17 +0000
2026/06/08 00:39:39:635  Setting fullVersionUnlocked was written with value false
2026/06/08 00:39:39:635  Setting hasRunningSubscription was written with value false
2026/06/08 00:39:43:225  Setting trialExpirationDate was written with value 2026-07-05 23:58:17 +0000
2026/06/08 00:39:43:225  Setting fullVersionUnlocked was written with value false
2026/06/08 00:39:43:225  Setting hasRunningSubscription was written with value false
2026/06/08 00:39:51:481  Setting trialExpirationDate was written with value 2026-07-05 23:58:17 +0000
2026/06/08 00:39:51:481  Setting fullVersionUnlocked was written with value false
2026/06/08 00:39:51:481  Setting hasRunningSubscription was written with value false
2026/06/08 00:39:54:342  Setting trialExpirationDate was written with value 2026-07-05 23:58:17 +0000
2026/06/08 00:39:54:342  Setting fullVersionUnlocked was written with value false
2026/06/08 00:39:54:342  Setting hasRunningSubscription was written with value false
